// Jest Snapshot v1, https://goo.gl/fbAQLP

exports[`Anime single child Snapshot 1`] = `
<g>
  <p>
    1
  </p>
  <p>
    2
  </p>
</g>
`;
