exports[`test Anime single child Snapshot 1`] = `<div />`;
